// Jest Snapshot v1, https://goo.gl/fbAQLP

exports[`Rental list tests renders the Rentals page 1`] = `
ShallowWrapper {
  Symbol(enzyme.__root__): [Circular],
  Symbol(enzyme.__unrendered__): <Provider
    store={
      Object {
        "clearActions": [Function],
        "dispatch": [Function],
        "getActions": [Function],
        "getState": [Function],
        "replaceReducer": [Function],
        "subscribe": [Function],
      }
    }
  >
    <Connect(Rentals) />
  </Provider>,
  Symbol(enzyme.__renderer__): Object {
    "batchedUpdates": [Function],
    "getNode": [Function],
    "render": [Function],
    "simulateError": [Function],
    "simulateEvent": [Function],
    "unmount": [Function],
  },
  Symbol(enzyme.__node__): Object {
    "instance": null,
    "key": undefined,
    "nodeType": "function",
    "props": Object {
      "children": <Connect(Rentals) />,
      "value": Object {
        "store": Object {
          "clearActions": [Function],
          "dispatch": [Function],
          "getActions": [Function],
          "getState": [Function],
          "replaceReducer": [Function],
          "subscribe": [Function],
        },
        "storeState": Object {
          "rentals": Array [
            Object {
              "bedrooms": 15,
              "category": "Estate",
              "city": "San Francisco",
              "description": "This grand old mansion sits on over 100 acres of rolling hills and dense redwood forests.",
              "id": "grand-old-mansion",
              "image": "https://upload.wikimedia.org/wikipedia/commons/c/cb/Crane_estate_(5).jpg",
              "owner": "Veruca Salt",
              "title": "Grand Old Mansion",
            },
            Object {
              "bedrooms": 1,
              "category": "Condo",
              "city": "Seattle",
              "description": "A commuters dream. This rental is within walking distance of 2 bus stops and the Metro.",
              "id": "urban-living",
              "image": "https://upload.wikimedia.org/wikipedia/commons/0/0e/Alfonso_13_Highrise_Tegucigalpa.jpg",
              "owner": "Mike TV",
              "title": "Urban Living",
            },
            Object {
              "bedrooms": 3,
              "category": "Apartment",
              "city": "Portland",
              "description": "Convenience is at your doorstep with this charming downtown rental. Great restaurants and active night life are within a few feet.",
              "id": "downtown-charm",
              "image": "https://upload.wikimedia.org/wikipedia/commons/f/f7/Wheeldon_Apartment_Building_-_Portland_Oregon.jpg",
              "owner": "Violet Beauregarde",
              "title": "Downtown Charm",
            },
          ],
        },
      },
    },
    "ref": null,
    "rendered": Object {
      "instance": null,
      "key": undefined,
      "nodeType": "class",
      "props": Object {},
      "ref": null,
      "rendered": null,
      "type": [Function],
    },
    "type": Object {
      "$$typeof": Symbol(react.provider),
      "_context": Object {
        "$$typeof": Symbol(react.context),
        "Consumer": Object {
          "$$typeof": Symbol(react.context),
          "_calculateChangedBits": null,
          "_context": [Circular],
        },
        "Provider": [Circular],
        "_calculateChangedBits": null,
        "_currentRenderer": null,
        "_currentRenderer2": null,
        "_currentValue": null,
        "_currentValue2": null,
        "_threadCount": 0,
      },
    },
  },
  Symbol(enzyme.__nodes__): Array [
    Object {
      "instance": null,
      "key": undefined,
      "nodeType": "function",
      "props": Object {
        "children": <Connect(Rentals) />,
        "value": Object {
          "store": Object {
            "clearActions": [Function],
            "dispatch": [Function],
            "getActions": [Function],
            "getState": [Function],
            "replaceReducer": [Function],
            "subscribe": [Function],
          },
          "storeState": Object {
            "rentals": Array [
              Object {
                "bedrooms": 15,
                "category": "Estate",
                "city": "San Francisco",
                "description": "This grand old mansion sits on over 100 acres of rolling hills and dense redwood forests.",
                "id": "grand-old-mansion",
                "image": "https://upload.wikimedia.org/wikipedia/commons/c/cb/Crane_estate_(5).jpg",
                "owner": "Veruca Salt",
                "title": "Grand Old Mansion",
              },
              Object {
                "bedrooms": 1,
                "category": "Condo",
                "city": "Seattle",
                "description": "A commuters dream. This rental is within walking distance of 2 bus stops and the Metro.",
                "id": "urban-living",
                "image": "https://upload.wikimedia.org/wikipedia/commons/0/0e/Alfonso_13_Highrise_Tegucigalpa.jpg",
                "owner": "Mike TV",
                "title": "Urban Living",
              },
              Object {
                "bedrooms": 3,
                "category": "Apartment",
                "city": "Portland",
                "description": "Convenience is at your doorstep with this charming downtown rental. Great restaurants and active night life are within a few feet.",
                "id": "downtown-charm",
                "image": "https://upload.wikimedia.org/wikipedia/commons/f/f7/Wheeldon_Apartment_Building_-_Portland_Oregon.jpg",
                "owner": "Violet Beauregarde",
                "title": "Downtown Charm",
              },
            ],
          },
        },
      },
      "ref": null,
      "rendered": Object {
        "instance": null,
        "key": undefined,
        "nodeType": "class",
        "props": Object {},
        "ref": null,
        "rendered": null,
        "type": [Function],
      },
      "type": Object {
        "$$typeof": Symbol(react.provider),
        "_context": Object {
          "$$typeof": Symbol(react.context),
          "Consumer": Object {
            "$$typeof": Symbol(react.context),
            "_calculateChangedBits": null,
            "_context": [Circular],
          },
          "Provider": [Circular],
          "_calculateChangedBits": null,
          "_currentRenderer": null,
          "_currentRenderer2": null,
          "_currentValue": null,
          "_currentValue2": null,
          "_threadCount": 0,
        },
      },
    },
  ],
  Symbol(enzyme.__options__): Object {
    "adapter": ReactSixteenAdapter {
      "options": Object {
        "enableComponentDidUpdateOnSetState": true,
        "lifecycles": Object {
          "componentDidUpdate": Object {
            "onSetState": true,
          },
          "getDerivedStateFromProps": true,
          "getSnapshotBeforeUpdate": true,
          "setState": Object {
            "skipsComponentDidUpdateOnNullish": true,
          },
        },
      },
    },
  },
}
`;
